▲ Next.js 16.3.0
- Local:         http://localhost:3100
- Network:       http://192.168.0.140:3100
✓ Ready in 306ms
✓ Running next.config.ts took 78ms
⨯ Error: The destination stream closed early.
    at ignore-listed frames {
  digest: '392626153'
}
⨯ Error: The destination stream closed early.
    at ignore-listed frames {
  digest: '392626153'
}
⨯ Error: The destination stream closed early.
    at ignore-listed frames {
  digest: '392626153'
}
⨯ Error: The destination stream closed early.
    at ignore-listed frames {
  digest: '392626153'
}
⨯ Error: The destination stream closed early.
    at ignore-listed frames {
  digest: '392626153'
}
⨯ Error: The destination stream closed early.
    at ignore-listed frames {
  digest: '392626153'
}
⨯ Error: The destination stream closed early.
    at ignore-listed frames {
  digest: '392626153'
}
⨯ Error: The destination stream closed early.
    at ignore-listed frames {
  digest: '392626153'
}
⨯ Error: The destination stream closed early.
    at ignore-listed frames {
  digest: '392626153'
}
⨯ Error: The destination stream closed early.
    at ignore-listed frames {
  digest: '392626153'
}
⨯ Error: The destination stream closed early.
    at ignore-listed frames {
  digest: '392626153'
}
⨯ Error: The destination stream closed early.
    at ignore-listed frames {
  digest: '392626153'
}
⨯ Error: The destination stream closed early.
    at ignore-listed frames {
  digest: '392626153'
}
⨯ Error: The destination stream closed early.
    at ignore-listed frames {
  digest: '392626153'
}
⨯ Error: The destination stream closed early.
    at ignore-listed frames {
  digest: '392626153'
}
⨯ Error: The destination stream closed early.
    at ignore-listed frames {
  digest: '392626153'
}
⨯ Error: The destination stream closed early.
    at ignore-listed frames {
  digest: '392626153'
}
⨯ Error: The destination stream closed early.
    at ignore-listed frames {
  digest: '392626153'
}
⨯ Error: The destination stream closed early.
    at ignore-listed frames {
  digest: '392626153'
}
⨯ Error: The destination stream closed early.
    at ignore-listed frames {
  digest: '392626153'
}
⨯ Error: The destination stream closed early.
    at ignore-listed frames {
  digest: '392626153'
}
⨯ Error: The destination stream closed early.
    at ignore-listed frames {
  digest: '392626153'
}
⨯ Error: The destination stream closed early.
    at ignore-listed frames {
  digest: '392626153'
}
⨯ Error: The destination stream closed early.
    at ignore-listed frames {
  digest: '392626153'
}
⨯ Error: The destination stream closed early.
    at ignore-listed frames {
  digest: '392626153'
}
⨯ Error: The destination stream closed early.
    at ignore-listed frames {
  digest: '392626153'
}
⨯ Error: The destination stream closed early.
    at ignore-listed frames {
  digest: '392626153'
}
⨯ upstream image response failed for https://wsuvvbkxopbkvcmcvptf.supabase.co/storage/v1/object/public/ 400
⨯ Error: The destination stream closed early.
    at ignore-listed frames {
  digest: '392626153'
}
⨯ Error: The destination stream closed early.
    at ignore-listed frames {
  digest: '392626153'
}
⨯ Error: The destination stream closed early.
    at ignore-listed frames {
  digest: '392626153'
}
⨯ Error: The destination stream closed early.
    at ignore-listed frames {
  digest: '392626153'
}
⨯ Error: The destination stream closed early.
    at ignore-listed frames {
  digest: '392626153'
}
⨯ Error: The destination stream closed early.
    at ignore-listed frames {
  digest: '392626153'
}
