⨯ Failed to start server
Error: listen EADDRINUSE: address already in use :::3000
    at <unknown> (Error: listen EADDRINUSE: address already in ⚠ Fast Refresh had to perform a full reload when ./node_modules/next/dist/client/image-component.js changed. Read more: https://nextjs.org/docs/messages/fast-refresh-reload
⚠ Fast Refresh had to perform a full reload when ./node_modules/next/dist/client/image-component.js changed. Read more: https://nextjs.org/docs/messages/fast-refresh-reload
⚠ Fast Refresh had to perform a full reload when ./node_modules/next/dist/client/image-component.js changed. Read more: https://nextjs.org/docs/messages/fast-refresh-reload
⨯ ./src/app/page.tsx:16:1
Error: Module not found: Can't resolve '@/components/home/homepage-highlights-server'
  [90m14 |[0m [36mimport[0m { [33mLegalKnowledgeServer[0m } [36mfrom[0m [32m"@/components/home/legal-knowledge-server"[0m;
  [90m15 |[0m [36mimport[0m { [33mThisWeekInLaw[0m } [36mfrom[0m [32m"@/components/home/this-week-in-law"[0m;
[31m[1m>[0m [90m16 |[0m [36mimport[0m { [33mHomepageHighlightsServer[0m } [36mfrom[0m [32m"@/components/home/homepage-highlights-server"[0m;
  [90m   |[0m [31m[1m^^^^^^^^^^^^^^^^^^^^^^^^^^^^^^^^^^^^^^^^^^^^^^^^^^^^^^^^^^^^^^^^^^^^^^^^^^^^^^^^^^^^^^^^[0m
  [90m17 |[0m
  [90m18 |[0m [36mexport[0m [36mdefault[0m [36mfunction[0m [33mHome[0m() {
  [90m19 |[0m   [36mreturn[0m (

Import map: aliased to relative './src/components/home/homepage-highlights-server' inside of [project]/


https://nextjs.org/docs/messages/module-not-found


⨯ ./src/app/page.tsx:16:1
Error: Module not found: Can't resolve '@/components/home/homepage-highlights-server'
  [90m14 |[0m [36mimport[0m { [33mLegalKnowledgeServer[0m } [36mfrom[0m [32m"@/components/home/legal-knowledge-server"[0m;
  [90m15 |[0m [36mimport[0m { [33mThisWeekInLaw[0m } [36mfrom[0m [32m"@/components/home/this-week-in-law"[0m;
[31m[1m>[0m [90m16 |[0m [36mimport[0m { [33mHomepageHighlightsServer[0m } [36mfrom[0m [32m"@/components/home/homepage-highlights-server"[0m;
  [90m   |[0m [31m[1m^^^^^^^^^^^^^^^^^^^^^^^^^^^^^^^^^^^^^^^^^^^^^^^^^^^^^^^^^^^^^^^^^^^^^^^^^^^^^^^^^^^^^^^^[0m
  [90m17 |[0m
  [90m18 |[0m [36mexport[0m [36mdefault[0m [36mfunction[0m [33mHome[0m() {
  [90m19 |[0m   [36mreturn[0m (

Import map: aliased to relative './src/components/home/homepage-highlights-server' inside of [project]/


https://nextjs.org/docs/messages/module-not-found


⨯ ./src/app/page.tsx:16:1
Error: Module not found: Can't resolve '@/components/home/homepage-highlights-server'
  [90m14 |[0m [36mimport[0m { [33mLegalKnowledgeServer[0m } [36mfrom[0m [32m"@/components/home/legal-knowledge-server"[0m;
  [90m15 |[0m [36mimport[0m { [33mThisWeekInLaw[0m } [36mfrom[0m [32m"@/components/home/this-week-in-law"[0m;
[31m[1m>[0m [90m16 |[0m [36mimport[0m { [33mHomepageHighlightsServer[0m } [36mfrom[0m [32m"@/components/home/homepage-highlights-server"[0m;
  [90m   |[0m [31m[1m^^^^^^^^^^^^^^^^^^^^^^^^^^^^^^^^^^^^^^^^^^^^^^^^^^^^^^^^^^^^^^^^^^^^^^^^^^^^^^^^^^^^^^^^[0m
  [90m17 |[0m
  [90m18 |[0m [36mexport[0m [36mdefault[0m [36mfunction[0m [33mHome[0m() {
  [90m19 |[0m   [36mreturn[0m (

Import map: aliased to relative './src/components/home/homepage-highlights-server' inside of [project]/


https://nextjs.org/docs/messages/module-not-found


⨯ ./src/app/page.tsx:16:1
Error: Module not found: Can't resolve '@/components/home/homepage-highlights-server'
  [90m14 |[0m [36mimport[0m { [33mLegalKnowledgeServer[0m } [36mfrom[0m [32m"@/components/home/legal-knowledge-server"[0m;
  [90m15 |[0m [36mimport[0m { [33mThisWeekInLaw[0m } [36mfrom[0m [32m"@/components/home/this-week-in-law"[0m;
[31m[1m>[0m [90m16 |[0m [36mimport[0m { [33mHomepageHighlightsServer[0m } [36mfrom[0m [32m"@/components/home/homepage-highlights-server"[0m;
  [90m   |[0m [31m[1m^^^^^^^^^^^^^^^^^^^^^^^^^^^^^^^^^^^^^^^^^^^^^^^^^^^^^^^^^^^^^^^^^^^^^^^^^^^^^^^^^^^^^^^^[0m
  [90m17 |[0m
  [90m18 |[0m [36mexport[0m [36mdefault[0m [36mfunction[0m [33mHome[0m() {
  [90m19 |[0m   [36mreturn[0m (

Import map: aliased to relative './src/components/home/homepage-highlights-server' inside of [project]/


https://nextjs.org/docs/messages/module-not-found


⨯ ./src/app/page.tsx:16:1
Error: Module not found: Can't resolve '@/components/home/homepage-highlights-server'
  [90m14 |[0m [36mimport[0m { [33mLegalKnowledgeServer[0m } [36mfrom[0m [32m"@/components/home/legal-knowledge-server"[0m;
  [90m15 |[0m [36mimport[0m { [33mThisWeekInLaw[0m } [36mfrom[0m [32m"@/components/home/this-week-in-law"[0m;
[31m[1m>[0m [90m16 |[0m [36mimport[0m { [33mHomepageHighlightsServer[0m } [36mfrom[0m [32m"@/components/home/homepage-highlights-server"[0m;
  [90m   |[0m [31m[1m^^^^^^^^^^^^^^^^^^^^^^^^^^^^^^^^^^^^^^^^^^^^^^^^^^^^^^^^^^^^^^^^^^^^^^^^^^^^^^^^^^^^^^^^[0m
  [90m17 |[0m
  [90m18 |[0m [36mexport[0m [36mdefault[0m [36mfunction[0m [33mHome[0m() {
  [90m19 |[0m   [36mreturn[0m (

Import map: aliased to relative './src/components/home/homepage-highlights-server' inside of [project]/


https://nextjs.org/docs/messages/module-not-found


⨯ ./src/app/page.tsx:16:1
Error: Module not found: Can't resolve '@/components/home/homepage-highlights-server'
  [90m14 |[0m [36mimport[0m { [33mLegalKnowledgeServer[0m } [36mfrom[0m [32m"@/components/home/legal-knowledge-server"[0m;
  [90m15 |[0m [36mimport[0m { [33mThisWeekInLaw[0m } [36mfrom[0m [32m"@/components/home/this-week-in-law"[0m;
[31m[1m>[0m [90m16 |[0m [36mimport[0m { [33mHomepageHighlightsServer[0m } [36mfrom[0m [32m"@/components/home/homepage-highlights-server"[0m;
  [90m   |[0m [31m[1m^^^^^^^^^^^^^^^^^^^^^^^^^^^^^^^^^^^^^^^^^^^^^^^^^^^^^^^^^^^^^^^^^^^^^^^^^^^^^^^^^^^^^^^^[0m
  [90m17 |[0m
  [90m18 |[0m [36mexport[0m [36mdefault[0m [36mfunction[0m [33mHome[0m() {
  [90m19 |[0m   [36mreturn[0m (

Import map: aliased to relative './src/components/home/homepage-highlights-server' inside of [project]/


https://nextjs.org/docs/messages/module-not-found


⨯ ./src/app/page.tsx:16:1
Error: Module not found: Can't resolve '@/components/home/homepage-highlights-server'
  [90m14 |[0m [36mimport[0m { [33mLegalKnowledgeServer[0m } [36mfrom[0m [32m"@/components/home/legal-knowledge-server"[0m;
  [90m15 |[0m [36mimport[0m { [33mThisWeekInLaw[0m } [36mfrom[0m [32m"@/components/home/this-week-in-law"[0m;
[31m[1m>[0m [90m16 |[0m [36mimport[0m { [33mHomepageHighlightsServer[0m } [36mfrom[0m [32m"@/components/home/homepage-highlights-server"[0m;
  [90m   |[0m [31m[1m^^^^^^^^^^^^^^^^^^^^^^^^^^^^^^^^^^^^^^^^^^^^^^^^^^^^^^^^^^^^^^^^^^^^^^^^^^^^^^^^^^^^^^^^[0m
  [90m17 |[0m
  [90m18 |[0m [36mexport[0m [36mdefault[0m [36mfunction[0m [33mHome[0m() {
  [90m19 |[0m   [36mreturn[0m (

Import map: aliased to relative './src/components/home/homepage-highlights-server' inside of [project]/


https://nextjs.org/docs/messages/module-not-found


⨯ ./src/app/page.tsx:16:1
Error: Module not found: Can't resolve '@/components/home/homepage-highlights-server'
  [90m14 |[0m [36mimport[0m { [33mLegalKnowledgeServer[0m } [36mfrom[0m [32m"@/components/home/legal-knowledge-server"[0m;
  [90m15 |[0m [36mimport[0m { [33mThisWeekInLaw[0m } [36mfrom[0m [32m"@/components/home/this-week-in-law"[0m;
[31m[1m>[0m [90m16 |[0m [36mimport[0m { [33mHomepageHighlightsServer[0m } [36mfrom[0m [32m"@/components/home/homepage-highlights-server"[0m;
  [90m   |[0m [31m[1m^^^^^^^^^^^^^^^^^^^^^^^^^^^^^^^^^^^^^^^^^^^^^^^^^^^^^^^^^^^^^^^^^^^^^^^^^^^^^^^^^^^^^^^^[0m
  [90m17 |[0m
  [90m18 |[0m [36mexport[0m [36mdefault[0m [36mfunction[0m [33mHome[0m() {
  [90m19 |[0m   [36mreturn[0m (

Import map: aliased to relative './src/components/home/homepage-highlights-server' inside of [project]/


https://nextjs.org/docs/messages/module-not-found


⨯ ./src/app/page.tsx:16:1
Error: Module not found: Can't resolve '@/components/home/homepage-highlights-server'
  [90m14 |[0m [36mimport[0m { [33mLegalKnowledgeServer[0m } [36mfrom[0m [32m"@/components/home/legal-knowledge-server"[0m;
  [90m15 |[0m [36mimport[0m { [33mThisWeekInLaw[0m } [36mfrom[0m [32m"@/components/home/this-week-in-law"[0m;
[31m[1m>[0m [90m16 |[0m [36mimport[0m { [33mHomepageHighlightsServer[0m } [36mfrom[0m [32m"@/components/home/homepage-highlights-server"[0m;
  [90m   |[0m [31m[1m^^^^^^^^^^^^^^^^^^^^^^^^^^^^^^^^^^^^^^^^^^^^^^^^^^^^^^^^^^^^^^^^^^^^^^^^^^^^^^^^^^^^^^^^[0m
  [90m17 |[0m
  [90m18 |[0m [36mexport[0m [36mdefault[0m [36mfunction[0m [33mHome[0m() {
  [90m19 |[0m   [36mreturn[0m (

Import map: aliased to relative './src/components/home/homepage-highlights-server' inside of [project]/


https://nextjs.org/docs/messages/module-not-found


⨯ ./src/app/page.tsx:16:1
Error: Module not found: Can't resolve '@/components/home/homepage-highlights-server'
  [90m14 |[0m [36mimport[0m { [33mLegalKnowledgeServer[0m } [36mfrom[0m [32m"@/components/home/legal-knowledge-server"[0m;
  [90m15 |[0m [36mimport[0m { [33mThisWeekInLaw[0m } [36mfrom[0m [32m"@/components/home/this-week-in-law"[0m;
[31m[1m>[0m [90m16 |[0m [36mimport[0m { [33mHomepageHighlightsServer[0m } [36mfrom[0m [32m"@/components/home/homepage-highlights-server"[0m;
  [90m   |[0m [31m[1m^^^^^^^^^^^^^^^^^^^^^^^^^^^^^^^^^^^^^^^^^^^^^^^^^^^^^^^^^^^^^^^^^^^^^^^^^^^^^^^^^^^^^^^^[0m
  [90m17 |[0m
  [90m18 |[0m [36mexport[0m [36mdefault[0m [36mfunction[0m [33mHome[0m() {
  [90m19 |[0m   [36mreturn[0m (

Import map: aliased to relative './src/components/home/homepage-highlights-server' inside of [project]/


https://nextjs.org/docs/messages/module-not-found


[browser] ./src/app/page.tsx:16:1
Error: Module not found: Can't resolve '@/components/home/homepage-highlights-server'
  14 | import { LegalKnowledgeServer } from "@/components/home/legal-knowledge-server";
  15 | import { ThisWeekInLaw } from "@/components/home/this-week-in-law";
> 16 | import { HomepageHighlightsServer } from "@/components/home/homepage-highlights-server";
     | ^^^^^^^^^^^^^^^^^^^^^^^^^^^^^^^^^^^^^^^^^^^^^^^^^^^^^^^^^^^^^^^^^^^^^^^^^^^^^^^^^^^^^^^^
  17 |
  18 | export default function Home() {
  19 |   return (

Import map: aliased to relative './src/components/home/homepage-highlights-server' inside of [project]/

https://nextjs.org/docs/messages/module-not-found 
[browser] ./src/app/page.tsx:16:1
Error: Module not found: Can't resolve '@/components/home/homepage-highlights-server'
  14 | import { LegalKnowledgeServer } from "@/components/home/legal-knowledge-server";
  15 | import { ThisWeekInLaw } from "@/components/home/this-week-in-law";
> 16 | import { HomepageHighlightsServer } from "@/components/home/homepage-highlights-server";
     | ^^^^^^^^^^^^^^^^^^^^^^^^^^^^^^^^^^^^^^^^^^^^^^^^^^^^^^^^^^^^^^^^^^^^^^^^^^^^^^^^^^^^^^^^
  17 |
  18 | export default function Home() {
  19 |   return (

Import map: aliased to relative './src/components/home/homepage-highlights-server' inside of [project]/

https://nextjs.org/docs/messages/module-not-found 
[browser] ./src/app/page.tsx:16:1
Error: Module not found: Can't resolve '@/components/home/homepage-highlights-server'
  14 | import { LegalKnowledgeServer } from "@/components/home/legal-knowledge-server";
  15 | import { ThisWeekInLaw } from "@/components/home/this-week-in-law";
> 16 | import { HomepageHighlightsServer } from "@/components/home/homepage-highlights-server";
     | ^^^^^^^^^^^^^^^^^^^^^^^^^^^^^^^^^^^^^^^^^^^^^^^^^^^^^^^^^^^^^^^^^^^^^^^^^^^^^^^^^^^^^^^^
  17 |
  18 | export default function Home() {
  19 |   return (

Import map: aliased to relative './src/components/home/homepage-highlights-server' inside of [project]/

https://nextjs.org/docs/messages/module-not-found 
[browser] ./src/app/page.tsx:16:1
Error: Module not found: Can't resolve '@/components/home/homepage-highlights-server'
  14 | import { LegalKnowledgeServer } from "@/components/home/legal-knowledge-server";
  15 | import { ThisWeekInLaw } from "@/components/home/this-week-in-law";
> 16 | import { HomepageHighlightsServer } from "@/components/home/homepage-highlights-server";
     | ^^^^^^^^^^^^^^^^^^^^^^^^^^^^^^^^^^^^^^^^^^^^^^^^^^^^^^^^^^^^^^^^^^^^^^^^^^^^^^^^^^^^^^^^
  17 |
  18 | export default function Home() {
  19 |   return (

Import map: aliased to relative './src/components/home/homepage-highlights-server' inside of [project]/

https://nextjs.org/docs/messages/module-not-found 
