▲ Next.js 16.3.0 (Turbopack)
- Local:         http://localhost:3000
- Network:       http://192.168.0.138:3000
- Environments: .env.local
✓ Ready in 1130ms
✓ Running next.config.ts took 89ms
- Experiments (use with caution):
  · serverActions

 GET / 200 in 2.4s (next.js: 509ms, application-code: 1857ms)
 GET / 200 in 2.4s (next.js: 66ms, application-code: 2.3s)
 GET / 200 in 1426ms (next.js: 39ms, application-code: 1388ms)
 GET /articles/transgenerational-law-firm-practice-in-nigeria 200 in 3.6s (next.js: 2.3s, application-code: 1291ms)
 GET / 200 in 1230ms (next.js: 15ms, application-code: 1215ms)
 GET /articles 200 in 1187ms (next.js: 78ms, application-code: 1109ms)
 GET / 200 in 1384ms (next.js: 13ms, application-code: 1371ms)
 GET / 200 in 1053ms (next.js: 174ms, application-code: 879ms)
 GET / 200 in 353ms (next.js: 16ms, application-code: 337ms)
✓ Compiled in 481ms
 GET / 200 in 378ms (next.js: 41ms, application-code: 337ms)
[?25h
